// Jest Snapshot v1, https://goo.gl/fbAQLP

exports[`Indirect Deep Single 1`] = `
"HDWIGpiP.md
index.js"
`;

exports[`Indirect Deep Single 2`] = `
"import content from './HDWIGpiP.md';

function index() {
  return content
}

export { index as default };
"
`;
