// Jest Snapshot v1, https://goo.gl/fbAQLP

exports[`No use hash 1`] = `
"content.md
image.png
index.js"
`;

exports[`No use hash 2`] = `
"import content from './content.md';
import image from './image.png';

function index() {
  return content + image
}

export { index as default };
"
`;
