// Jest Snapshot v1, https://goo.gl/fbAQLP

exports[`Indirect Deep Single with JS Extension 1`] = `
"bsdudxaF.md
index.js"
`;

exports[`Indirect Deep Single with JS Extension 2`] = `
"import content from './bsdudxaF.md';

function index() {
  return content
}

export default index;
"
`;
