// Jest Snapshot v1, https://goo.gl/fbAQLP

exports[`Flat 1`] = `
"bsdudxaF.md
index.js"
`;
