// Jest Snapshot v1, https://goo.gl/fbAQLP

exports[`Exclude 1`] = `
"HDWIGpiP.md
index.js
vfhBOfeG.css
vfhBOfeG.css.map"
`;

exports[`Exclude 2`] = `
"import content from './HDWIGpiP.md';
import css from './vfhBOfeG.css';

function index() {
  return content + css
}

export { index as default };
"
`;

exports[`Exclude 3`] = `
"body {
  font-size: 20px;
  background: blue;
  color: white;
}

/*# sourceMappingURL=vfhBOfeG.css.map */"
`;
