// Jest Snapshot v1, https://goo.gl/fbAQLP

exports[`Flat Multi 1`] = `
"bXipeBrs.png
bsdudxaF.md
index.js"
`;

exports[`Flat Multi 2`] = `
"import content from './bsdudxaF.md';
import image from './bXipeBrs.png';

function index() {
  return content + image
}

export default index;
"
`;
